{
  "checkpoint": "checkpoints/token_model_h24_v25.pt",
  "mode": "free",
  "n": 20,
  "num_balls": 4,
  "num_seeds": 48,
  "num_steps": 100,
  "mean_position_error": {
    "1": 0.10420313477516174,
    "2": 0.12157220393419266,
    "3": 0.14982034265995026,
    "5": 0.21311022341251373,
    "10": 0.6495963335037231,
    "15": 1.7756441831588745,
    "20": 2.95745849609375,
    "50": 7.323215007781982,
    "100": 8.418994903564453
  },
  "identity_swaps": 135,
  "token_count_mismatch_seeds": [
    12005,
    12024,
    12027,
    12028
  ],
  "faded_token_fraction": 0.0
}
