{
  "checkpoint": "checkpoints/token_model_h44_v33.pt",
  "mode": "free",
  "n": 20,
  "num_balls": 4,
  "num_seeds": 48,
  "num_steps": 100,
  "mean_position_error": {
    "1": 0.07004821300506592,
    "2": 0.07708967477083206,
    "3": 0.095307357609272,
    "5": 0.13491488993167877,
    "10": 0.4893157482147217,
    "15": 1.5215762853622437,
    "20": 2.5425570011138916,
    "50": 6.86065673828125,
    "100": 8.473466873168945
  },
  "identity_swaps": 147,
  "token_count_mismatch_seeds": [],
  "faded_token_fraction": 0.010416666666666666
}
