{
  "checkpoint": "checkpoints/token_model_h44_v31.pt",
  "mode": "free",
  "n": 20,
  "num_balls": 4,
  "num_seeds": 48,
  "num_steps": 100,
  "mean_position_error": {
    "1": 0.07170030474662781,
    "2": 0.08260342478752136,
    "3": 0.10450234264135361,
    "5": 0.15040506422519684,
    "10": 0.5544001460075378,
    "15": 1.5089526176452637,
    "20": 2.584663152694702,
    "50": 6.792837619781494,
    "100": 7.9296793937683105
  },
  "identity_swaps": 145,
  "token_count_mismatch_seeds": [],
  "faded_token_fraction": 0.0
}
